test fresh commit.
